cc -std=c11 -Wall -Wextra -Wpedantic -O2 -Iinclude -pthread -c -o test/unit/test_utils.o test/unit/test_utils.c
cc -std=c11 -Wall -Wextra -Wpedantic -O2 -Iinclude -pthread -o test/unit/test_sha256 test/unit/test_sha256.c src/crypto/sha256.c test/unit/test_utils.o
cc -std=c11 -Wall -Wextra -Wpedantic -O2 -Iinclude -pthread -o test/unit/test_ripemd160 test/unit/test_ripemd160.c src/crypto/ripemd160.c src/crypto/sha256.c test/unit/test_utils.o
cc -std=c11 -Wall -Wextra -Wpedantic -O2 -Iinclude -pthread -o test/unit/test_secp256k1_fe test/unit/test_secp256k1_fe.c src/crypto/secp256k1.c src/crypto/sha256.c test/unit/test_utils.o
cc -std=c11 -Wall -Wextra -Wpedantic -O2 -Iinclude -pthread -o test/unit/test_secp256k1_group test/unit/test_secp256k1_group.c src/crypto/secp256k1.c src/crypto/sha256.c test/unit/test_utils.o
cc -std=c11 -Wall -Wextra -Wpedantic -O2 -Iinclude -pthread -o test/unit/test_ecdsa test/unit/test_ecdsa.c src/crypto/secp256k1.c src/crypto/sha256.c test/unit/test_utils.o
cc -std=c11 -Wall -Wextra -Wpedantic -O2 -Iinclude -pthread -o test/unit/test_schnorr test/unit/test_schnorr.c src/crypto/secp256k1.c src/crypto/sha256.c test/unit/test_utils.o
cc -std=c11 -Wall -Wextra -Wpedantic -O2 -Iinclude -pthread -o test/unit/test_sig_verify test/unit/test_sig_verify.c src/consensus/sig_verify.c src/crypto/secp256k1.c src/crypto/sha256.c test/unit/test_utils.o
cc -std=c11 -Wall -Wextra -Wpedantic -O2 -Iinclude -pthread -o test/unit/test_serialize test/unit/test_serialize.c src/consensus/serialize.c test/unit/test_utils.o
cc -std=c11 -Wall -Wextra -Wpedantic -O2 -Iinclude -pthread -o test/unit/test_tx test/unit/test_tx.c src/consensus/tx.c src/consensus/serialize.c src/crypto/sha256.c test/unit/test_utils.o
cc -std=c11 -Wall -Wextra -Wpedantic -O2 -Iinclude -pthread -o test/unit/test_block test/unit/test_block.c src/consensus/block.c src/consensus/tx.c src/consensus/serialize.c src/crypto/sha256.c test/unit/test_utils.o
cc -std=c11 -Wall -Wextra -Wpedantic -O2 -Iinclude -pthread -o test/unit/test_merkle test/unit/test_merkle.c src/consensus/merkle.c src/consensus/tx.c src/consensus/serialize.c src/crypto/sha256.c test/unit/test_utils.o
cc -std=c11 -Wall -Wextra -Wpedantic -O2 -Iinclude -pthread -o test/unit/test_script test/unit/test_script.c src/consensus/script.c src/consensus/sig_verify.c src/consensus/tx.c src/consensus/serialize.c src/crypto/sha256.c src/crypto/sha1.c src/crypto/ripemd160.c src/crypto/secp256k1.c test/unit/test_utils.o
cc -std=c11 -Wall -Wextra -Wpedantic -O2 -Iinclude -pthread -o test/unit/test_stack test/unit/test_stack.c src/consensus/script.c src/consensus/sig_verify.c src/consensus/tx.c src/consensus/serialize.c src/crypto/sha256.c src/crypto/sha1.c src/crypto/ripemd160.c src/crypto/secp256k1.c test/unit/test_utils.o
cc -std=c11 -Wall -Wextra -Wpedantic -O2 -Iinclude -pthread -o test/unit/test_opcodes test/unit/test_opcodes.c src/consensus/script.c src/consensus/sig_verify.c src/consensus/tx.c src/consensus/serialize.c src/crypto/sha256.c src/crypto/sha1.c src/crypto/ripemd160.c src/crypto/secp256k1.c test/unit/test_utils.o
cc -std=c11 -Wall -Wextra -Wpedantic -O2 -Iinclude -pthread -o test/unit/test_p2sh test/unit/test_p2sh.c src/consensus/script.c src/consensus/sig_verify.c src/consensus/tx.c src/consensus/serialize.c src/crypto/sha256.c src/crypto/sha1.c src/crypto/ripemd160.c src/crypto/secp256k1.c test/unit/test_utils.o
cc -std=c11 -Wall -Wextra -Wpedantic -O2 -Iinclude -pthread -o test/unit/test_timelock test/unit/test_timelock.c src/consensus/script.c src/consensus/sig_verify.c src/consensus/tx.c src/consensus/serialize.c src/crypto/sha256.c src/crypto/sha1.c src/crypto/ripemd160.c src/crypto/secp256k1.c test/unit/test_utils.o
cc -std=c11 -Wall -Wextra -Wpedantic -O2 -Iinclude -pthread -o test/unit/test_tx_validate test/unit/test_tx_validate.c src/consensus/tx_validate.c src/consensus/script.c src/consensus/sig_verify.c src/consensus/tx.c src/consensus/serialize.c src/crypto/sha256.c src/crypto/sha1.c src/crypto/ripemd160.c src/crypto/secp256k1.c test/unit/test_utils.o
cc -std=c11 -Wall -Wextra -Wpedantic -O2 -Iinclude -pthread -o test/unit/test_block_validate test/unit/test_block_validate.c src/consensus/block_validate.c src/consensus/block.c src/consensus/tx.c src/consensus/serialize.c src/crypto/sha256.c src/consensus/merkle.c test/unit/test_utils.o
cc -std=c11 -Wall -Wextra -Wpedantic -O2 -Iinclude -pthread -o test/unit/test_coinbase test/unit/test_coinbase.c src/consensus/block_validate.c src/consensus/block.c src/consensus/tx.c src/consensus/serialize.c src/consensus/merkle.c src/crypto/sha256.c test/unit/test_utils.o
cc -std=c11 -Wall -Wextra -Wpedantic -O2 -Iinclude -pthread -o test/unit/test_utxo test/unit/test_utxo.c src/consensus/utxo.c test/unit/test_utils.o
cc -std=c11 -Wall -Wextra -Wpedantic -O2 -Iinclude -pthread -o test/unit/test_chainstate test/unit/test_chainstate.c src/consensus/chainstate.c src/consensus/utxo.c src/consensus/block.c src/consensus/tx.c src/consensus/serialize.c src/crypto/sha256.c test/unit/test_utils.o
cc -std=c11 -Wall -Wextra -Wpedantic -O2 -Iinclude -pthread -o test/unit/test_consensus test/unit/test_consensus.c src/consensus/consensus.c src/consensus/chainstate.c src/consensus/utxo.c src/consensus/block_validate.c src/consensus/tx_validate.c src/consensus/script.c src/consensus/sig_verify.c src/consensus/merkle.c src/consensus/block.c src/consensus/tx.c src/consensus/serialize.c src/crypto/sha256.c src/crypto/sha1.c src/crypto/ripemd160.c src/crypto/secp256k1.c test/unit/test_utils.o
cc -std=c11 -Wall -Wextra -Wpedantic -O2 -Iinclude -pthread -o test/unit/test_block_storage test/unit/test_block_storage.c src/storage/blocks.c src/platform/posix.c src/consensus/block.c src/consensus/tx.c src/consensus/serialize.c src/crypto/sha256.c test/unit/test_utils.o
cc -std=c11 -Wall -Wextra -Wpedantic -O2 -Iinclude -pthread -o test/unit/test_db test/unit/test_db.c src/storage/db.c lib/sqlite/sqlite3.c test/unit/test_utils.o
cc -std=c11 -Wall -Wextra -Wpedantic -O2 -Iinclude -pthread -o test/unit/test_utxo_db test/unit/test_utxo_db.c src/storage/utxo_db.c src/storage/db.c src/consensus/utxo.c lib/sqlite/sqlite3.c test/unit/test_utils.o
cc -std=c11 -Wall -Wextra -Wpedantic -O2 -Iinclude -pthread -o test/unit/test_block_index_db test/unit/test_block_index_db.c src/storage/block_index_db.c src/storage/db.c src/consensus/block.c src/consensus/tx.c src/consensus/serialize.c src/crypto/sha256.c lib/sqlite/sqlite3.c test/unit/test_utils.o
cc -std=c11 -Wall -Wextra -Wpedantic -O2 -Iinclude -pthread -o test/unit/test_protocol test/unit/test_protocol.c src/protocol/messages.c src/crypto/sha256.c test/unit/test_utils.o
cc -std=c11 -Wall -Wextra -Wpedantic -O2 -Iinclude -pthread -o test/unit/test_protocol_serialize test/unit/test_protocol_serialize.c src/protocol/serialize.c src/protocol/messages.c src/consensus/serialize.c src/consensus/block.c src/consensus/tx.c src/crypto/sha256.c test/unit/test_utils.o
cc -std=c11 -Wall -Wextra -Wpedantic -O2 -Iinclude -pthread -o test/unit/test_peer test/unit/test_peer.c src/protocol/peer.c src/protocol/serialize.c src/protocol/messages.c src/consensus/serialize.c src/consensus/block.c src/consensus/tx.c src/crypto/sha256.c src/platform/posix.c src/app/log.c test/unit/test_utils.o
cc -std=c11 -Wall -Wextra -Wpedantic -O2 -Iinclude -pthread -o test/unit/test_discovery test/unit/test_discovery.c src/protocol/discovery.c src/platform/posix.c src/app/log.c test/unit/test_utils.o
cc -std=c11 -Wall -Wextra -Wpedantic -O2 -Iinclude -pthread -o test/unit/test_relay test/unit/test_relay.c src/protocol/relay.c src/protocol/peer.c src/protocol/serialize.c src/protocol/messages.c src/consensus/serialize.c src/consensus/block.c src/consensus/tx.c src/crypto/sha256.c src/platform/posix.c src/app/log.c test/unit/test_utils.o
cc -std=c11 -Wall -Wextra -Wpedantic -O2 -Iinclude -pthread -o test/unit/test_sync test/unit/test_sync.c src/protocol/sync.c src/protocol/peer.c src/protocol/serialize.c src/protocol/messages.c src/consensus/chainstate.c src/consensus/utxo.c src/consensus/block.c src/consensus/tx.c src/consensus/serialize.c src/crypto/sha256.c src/platform/posix.c src/app/log.c test/unit/test_utils.o
cc -std=c11 -Wall -Wextra -Wpedantic -O2 -Iinclude -pthread -o test/unit/test_mempool test/unit/test_mempool.c src/protocol/mempool.c src/consensus/tx_validate.c src/consensus/script.c src/consensus/sig_verify.c src/consensus/utxo.c src/consensus/block.c src/consensus/tx.c src/consensus/serialize.c src/crypto/sha256.c src/crypto/sha1.c src/crypto/ripemd160.c src/crypto/secp256k1.c test/unit/test_utils.o
cc -std=c11 -Wall -Wextra -Wpedantic -O2 -Iinclude -pthread -o test/unit/test_node test/unit/test_node.c src/app/node.c src/app/log.c src/protocol/mempool.c src/protocol/sync.c src/protocol/discovery.c src/protocol/peer.c src/protocol/relay.c src/protocol/serialize.c src/protocol/messages.c src/consensus/consensus.c src/consensus/chainstate.c src/consensus/utxo.c src/consensus/block_validate.c src/consensus/tx_validate.c src/consensus/script.c src/consensus/sig_verify.c src/consensus/merkle.c src/consensus/block.c src/consensus/tx.c src/consensus/serialize.c src/storage/blocks.c src/storage/db.c src/storage/utxo_db.c src/storage/block_index_db.c src/crypto/sha256.c src/crypto/sha1.c src/crypto/ripemd160.c src/crypto/secp256k1.c src/platform/posix.c lib/sqlite/sqlite3.c test/unit/test_utils.o
cc -std=c11 -Wall -Wextra -Wpedantic -O2 -Iinclude -pthread -o test/unit/test_event_loop test/unit/test_event_loop.c src/app/log.c src/protocol/mempool.c src/protocol/sync.c src/protocol/discovery.c src/protocol/peer.c src/protocol/relay.c src/protocol/serialize.c src/protocol/messages.c src/consensus/consensus.c src/consensus/chainstate.c src/consensus/utxo.c src/consensus/block_validate.c src/consensus/tx_validate.c src/consensus/script.c src/consensus/sig_verify.c src/consensus/merkle.c src/consensus/block.c src/consensus/tx.c src/consensus/serialize.c src/storage/blocks.c src/storage/db.c src/storage/utxo_db.c src/storage/block_index_db.c src/crypto/sha256.c src/crypto/sha1.c src/crypto/ripemd160.c src/crypto/secp256k1.c src/platform/posix.c lib/sqlite/sqlite3.c test/unit/test_utils.o
cc -std=c11 -Wall -Wextra -Wpedantic -O2 -Iinclude -pthread -o test/unit/test_rpc test/unit/test_rpc.c src/app/rpc.c src/app/node.c src/app/log.c src/protocol/mempool.c src/protocol/sync.c src/protocol/discovery.c src/protocol/peer.c src/protocol/relay.c src/protocol/serialize.c src/protocol/messages.c src/consensus/consensus.c src/consensus/chainstate.c src/consensus/utxo.c src/consensus/block_validate.c src/consensus/tx_validate.c src/consensus/script.c src/consensus/sig_verify.c src/consensus/merkle.c src/consensus/block.c src/consensus/tx.c src/consensus/serialize.c src/storage/blocks.c src/storage/db.c src/storage/utxo_db.c src/storage/block_index_db.c src/crypto/sha256.c src/crypto/sha1.c src/crypto/ripemd160.c src/crypto/secp256k1.c src/platform/posix.c lib/sqlite/sqlite3.c test/unit/test_utils.o
make: *** wait: No child processes.  Stop.
make: *** Waiting for unfinished jobs....
make: *** wait: No child processes.  Stop.
